python : 2025-12-13 18:07:34,326 - storage - INFO - \u2705 Local storage initialized
At line:1 char:26
+ cd 'd:\Alumini\backend'; python server.py 2>&1 | Tee-Object -FilePath ...
+                          ~~~~~~~~~~~~~~~~~~~~~
    + CategoryInfo          : NotSpecified: (2025-12-13 18:0...age initialized:String) [], RemoteException
    + FullyQualifiedErrorId : NativeCommandError
 
2025-12-13 18:07:34,605 - services.email_service - INFO - SendGrid client will be initialized on first send
2025-12-13 18:07:34,726 - services.email_service - INFO - SendGrid client will be initialized on first send
INFO:     Will watch for changes in these directories: ['D:\\Alumini\\backend']
INFO:     Uvicorn running on http://0.0.0.0:8001 (Press CTRL+C to quit)
INFO:     Started reloader process [9976] using WatchFiles
2025-12-13 18:07:40,702 - storage - INFO - \u2705 Local storage initialized
2025-12-13 18:07:40,960 - services.email_service - INFO - SendGrid client will be initialized on first send
2025-12-13 18:07:41,080 - services.email_service - INFO - SendGrid client will be initialized on first send
INFO:     Started server process [9556]
INFO:     Waiting for application startup.
2025-12-13 18:07:45,065 - database.connection - INFO - Database connection pool created
2025-12-13 18:07:45,065 - server - INFO - \u2705 Database connection pool initialized
2025-12-13 18:07:45,066 - redis_client - INFO - \u2705 Connecting to Redis using URL: hip-halibut-17258.upstash.io:6379
2025-12-13 18:07:45,825 - redis_client - INFO - \u2705 Redis connection established successfully
2025-12-13 18:07:45,825 - server - INFO - \u2705 Redis connection established
2025-12-13 18:07:45,825 - server - INFO - \u2705 File storage initialized (local)
2025-12-13 18:07:45,826 - server - INFO - \u2705 Rate limiter cleanup task started
2025-12-13 18:07:45,826 - server - INFO - \U0001f680 AlumUnity API started successfully
2025-12-13 18:07:45,828 - server - INFO - \U0001f4cb Phase 10.1: Infrastructure Setup - Active
INFO:     Application startup complete.
